// Jest Snapshot v1, https://goo.gl/fbAQLP

exports[`ExportButton Component renders correctly and matches snapshot 1`] = `
<div>
  <button
    class="MuiButtonBase-root MuiButton-root MuiButton-contained MuiButton-containedPrimary MuiButton-sizeMedium MuiButton-containedSizeMedium MuiButton-colorPrimary MuiButton-fullWidth MuiButton-root MuiButton-contained MuiButton-containedPrimary MuiButton-sizeMedium MuiButton-containedSizeMedium MuiButton-colorPrimary MuiButton-fullWidth css-nnjf41-MuiButtonBase-root-MuiButton-root"
    tabindex="0"
    type="button"
  >
    Export
  </button>
</div>
`;
